Archive member included to satisfy reference by file (symbol)

c:/program files (x86)/atmel/studio/7.0/toolchain/avr8/avr8-gnu-toolchain/bin/../lib/gcc/avr/5.4.0/avr5\libgcc.a(_divmodhi4.o)
                              GUI.o (__divmodhi4)
c:/program files (x86)/atmel/studio/7.0/toolchain/avr8/avr8-gnu-toolchain/bin/../lib/gcc/avr/5.4.0/avr5\libgcc.a(_exit.o)
                              C:/Program Files (x86)/Atmel/Studio/7.0/Packs/atmel/ATmega_DFP/1.6.364/gcc/dev/atmega169p/avr5/crtatmega169p.o (exit)
c:/program files (x86)/atmel/studio/7.0/toolchain/avr8/avr8-gnu-toolchain/bin/../lib/gcc/avr/5.4.0/avr5\libgcc.a(_copy_data.o)
                              GUI.o (__do_copy_data)
c:/program files (x86)/atmel/studio/7.0/toolchain/avr8/avr8-gnu-toolchain/bin/../lib/gcc/avr/5.4.0/avr5\libgcc.a(_clear_bss.o)
                              main.o (__do_clear_bss)
c:/program files (x86)/atmel/studio/7.0/toolchain/avr8/avr8-gnu-toolchain/bin/../lib/gcc/avr/5.4.0/avr5\libgcc.a(_usmulhisi3.o)
                              Bridge.o (__usmulhisi3)
c:/program files (x86)/atmel/studio/7.0/toolchain/avr8/avr8-gnu-toolchain/bin/../lib/gcc/avr/5.4.0/avr5\libgcc.a(_udivmodhi4.o)
                              c:/program files (x86)/atmel/studio/7.0/toolchain/avr8/avr8-gnu-toolchain/bin/../lib/gcc/avr/5.4.0/avr5\libgcc.a(_divmodhi4.o) (__udivmodhi4)
c:/program files (x86)/atmel/studio/7.0/toolchain/avr8/avr8-gnu-toolchain/bin/../lib/gcc/avr/5.4.0/avr5\libgcc.a(_umulhisi3.o)
                              c:/program files (x86)/atmel/studio/7.0/toolchain/avr8/avr8-gnu-toolchain/bin/../lib/gcc/avr/5.4.0/avr5\libgcc.a(_usmulhisi3.o) (__umulhisi3)
c:/program files (x86)/atmel/studio/7.0/toolchain/avr8/avr8-gnu-toolchain/bin/../lib/gcc/avr/5.4.0/../../../../avr/lib/avr5\libc.a(setjmp.o)
                              TinyTimber.o (setjmp)

Allocating common symbols
Common symbol       size              file

otable              0x24              TinyTimber.o
threads             0x74              TinyTimber.o
mtable              0x24              TinyTimber.o
thread0             0x1d              TinyTimber.o
messages            0xf0              TinyTimber.o
stacks              0x180             TinyTimber.o

Discarded input sections

 .data          0x00000000        0x0 C:/Program Files (x86)/Atmel/Studio/7.0/Packs/atmel/ATmega_DFP/1.6.364/gcc/dev/atmega169p/avr5/crtatmega169p.o
 .bss           0x00000000        0x0 C:/Program Files (x86)/Atmel/Studio/7.0/Packs/atmel/ATmega_DFP/1.6.364/gcc/dev/atmega169p/avr5/crtatmega169p.o
 .text          0x00000000        0x0 Bridge.o
 .data          0x00000000        0x0 Bridge.o
 .bss           0x00000000        0x0 Bridge.o
 .text.carLeaves
                0x00000000       0x72 Bridge.o
 .text.carEnters
                0x00000000       0xa8 Bridge.o
 .debug_info    0x00000000      0x2ba Bridge.o
 .debug_abbrev  0x00000000      0x120 Bridge.o
 .debug_loc     0x00000000      0x1fe Bridge.o
 .debug_aranges
                0x00000000       0x28 Bridge.o
 .debug_ranges  0x00000000       0x18 Bridge.o
 .debug_line    0x00000000       0x9d Bridge.o
 .debug_str     0x00000000      0x1e1 Bridge.o
 .comment       0x00000000       0x31 Bridge.o
 .debug_frame   0x00000000       0x9c Bridge.o
 .text          0x00000000        0x0 CarQueue.o
 .data          0x00000000        0x0 CarQueue.o
 .bss           0x00000000        0x0 CarQueue.o
 .text.emptyQueue
                0x00000000       0xfc CarQueue.o
 .text.carLeavesQueue
                0x00000000       0xac CarQueue.o
 .text.carArrives
                0x00000000       0x4c CarQueue.o
 .text.greenLight
                0x00000000        0xc CarQueue.o
 .text.redLight
                0x00000000        0x8 CarQueue.o
 .debug_info    0x00000000      0x4f2 CarQueue.o
 .debug_abbrev  0x00000000      0x181 CarQueue.o
 .debug_loc     0x00000000      0x380 CarQueue.o
 .debug_aranges
                0x00000000       0x40 CarQueue.o
 .debug_ranges  0x00000000       0x30 CarQueue.o
 .debug_line    0x00000000      0x132 CarQueue.o
 .debug_str     0x00000000      0x255 CarQueue.o
 .comment       0x00000000       0x31 CarQueue.o
 .debug_frame   0x00000000       0xe4 CarQueue.o
 .text          0x00000000        0x0 Controller.o
 .data          0x00000000        0x0 Controller.o
 .bss           0x00000000        0x0 Controller.o
 .text.emptyCurrent
                0x00000000      0x102 Controller.o
 .text.switchLights
                0x00000000       0xb4 Controller.o
 .text.startEmptying
                0x00000000      0x136 Controller.o
 .text.switchQueue
                0x00000000       0x26 Controller.o
 .text.findNonEmpty
                0x00000000       0xb6 Controller.o
 .text.connectRoads
                0x00000000        0xc Controller.o
 .text.startup  0x00000000       0x5c Controller.o
 .text.addNorth
                0x00000000      0x104 Controller.o
 .text.addSouth
                0x00000000       0xfc Controller.o
 .debug_info    0x00000000      0xd95 Controller.o
 .debug_abbrev  0x00000000      0x178 Controller.o
 .debug_loc     0x00000000      0xc66 Controller.o
 .debug_aranges
                0x00000000       0x60 Controller.o
 .debug_ranges  0x00000000       0x50 Controller.o
 .debug_line    0x00000000      0x3a2 Controller.o
 .debug_str     0x00000000      0x2f8 Controller.o
 .comment       0x00000000       0x31 Controller.o
 .debug_frame   0x00000000      0x218 Controller.o
 .text          0x00000000        0x0 GUI.o
 .data          0x00000000        0x0 GUI.o
 .bss           0x00000000        0x0 GUI.o
 .text          0x00000000        0x0 Inputhandler.o
 .data          0x00000000        0x0 Inputhandler.o
 .bss           0x00000000        0x0 Inputhandler.o
 .text.testInputs
                0x00000000       0x74 Inputhandler.o
 .text          0x00000000        0x0 main.o
 .data          0x00000000        0x0 main.o
 .bss           0x00000000        0x0 main.o
 .data.inputhandl
                0x00000000        0xc main.o
 .data.southB   0x00000000       0x14 main.o
 .data.northB   0x00000000       0x14 main.o
 .data.controller
                0x00000000        0xe main.o
 .data.bridge   0x00000000        0xa main.o
 .text          0x00000000        0x0 PortWriter.o
 .data          0x00000000        0x0 PortWriter.o
 .bss           0x00000000        0x0 PortWriter.o
 .text          0x00000000        0x0 TinyTimber.o
 .data          0x00000000        0x0 TinyTimber.o
 .bss           0x00000000        0x0 TinyTimber.o
 .text.remove   0x00000000       0x4a TinyTimber.o
 .text.ABORT    0x00000000       0x8c TinyTimber.o
 .text.T_RESET  0x00000000       0x3a TinyTimber.o
 .text.T_SAMPLE
                0x00000000       0x54 TinyTimber.o
 .text.CURRENT_OFFSET
                0x00000000       0xae TinyTimber.o
 .text          0x00000000        0x0 c:/program files (x86)/atmel/studio/7.0/toolchain/avr8/avr8-gnu-toolchain/bin/../lib/gcc/avr/5.4.0/avr5\libgcc.a(_divmodhi4.o)
 .data          0x00000000        0x0 c:/program files (x86)/atmel/studio/7.0/toolchain/avr8/avr8-gnu-toolchain/bin/../lib/gcc/avr/5.4.0/avr5\libgcc.a(_divmodhi4.o)
 .bss           0x00000000        0x0 c:/program files (x86)/atmel/studio/7.0/toolchain/avr8/avr8-gnu-toolchain/bin/../lib/gcc/avr/5.4.0/avr5\libgcc.a(_divmodhi4.o)
 .text.libgcc.mul
                0x00000000        0x0 c:/program files (x86)/atmel/studio/7.0/toolchain/avr8/avr8-gnu-toolchain/bin/../lib/gcc/avr/5.4.0/avr5\libgcc.a(_divmodhi4.o)
 .text.libgcc   0x00000000        0x0 c:/program files (x86)/atmel/studio/7.0/toolchain/avr8/avr8-gnu-toolchain/bin/../lib/gcc/avr/5.4.0/avr5\libgcc.a(_divmodhi4.o)
 .text.libgcc.prologue
                0x00000000        0x0 c:/program files (x86)/atmel/studio/7.0/toolchain/avr8/avr8-gnu-toolchain/bin/../lib/gcc/avr/5.4.0/avr5\libgcc.a(_divmodhi4.o)
 .text.libgcc.builtins
                0x00000000        0x0 c:/program files (x86)/atmel/studio/7.0/toolchain/avr8/avr8-gnu-toolchain/bin/../lib/gcc/avr/5.4.0/avr5\libgcc.a(_divmodhi4.o)
 .text.libgcc.fmul
                0x00000000        0x0 c:/program files (x86)/atmel/studio/7.0/toolchain/avr8/avr8-gnu-toolchain/bin/../lib/gcc/avr/5.4.0/avr5\libgcc.a(_divmodhi4.o)
 .text.libgcc.fixed
                0x00000000        0x0 c:/program files (x86)/atmel/studio/7.0/toolchain/avr8/avr8-gnu-toolchain/bin/../lib/gcc/avr/5.4.0/avr5\libgcc.a(_divmodhi4.o)
 .text          0x00000000        0x0 c:/program files (x86)/atmel/studio/7.0/toolchain/avr8/avr8-gnu-toolchain/bin/../lib/gcc/avr/5.4.0/avr5\libgcc.a(_exit.o)
 .data          0x00000000        0x0 c:/program files (x86)/atmel/studio/7.0/toolchain/avr8/avr8-gnu-toolchain/bin/../lib/gcc/avr/5.4.0/avr5\libgcc.a(_exit.o)
 .bss           0x00000000        0x0 c:/program files (x86)/atmel/studio/7.0/toolchain/avr8/avr8-gnu-toolchain/bin/../lib/gcc/avr/5.4.0/avr5\libgcc.a(_exit.o)
 .text.libgcc.mul
                0x00000000        0x0 c:/program files (x86)/atmel/studio/7.0/toolchain/avr8/avr8-gnu-toolchain/bin/../lib/gcc/avr/5.4.0/avr5\libgcc.a(_exit.o)
 .text.libgcc.div
                0x00000000        0x0 c:/program files (x86)/atmel/studio/7.0/toolchain/avr8/avr8-gnu-toolchain/bin/../lib/gcc/avr/5.4.0/avr5\libgcc.a(_exit.o)
 .text.libgcc   0x00000000        0x0 c:/program files (x86)/atmel/studio/7.0/toolchain/avr8/avr8-gnu-toolchain/bin/../lib/gcc/avr/5.4.0/avr5\libgcc.a(_exit.o)
 .text.libgcc.prologue
                0x00000000        0x0 c:/program files (x86)/atmel/studio/7.0/toolchain/avr8/avr8-gnu-toolchain/bin/../lib/gcc/avr/5.4.0/avr5\libgcc.a(_exit.o)
 .text.libgcc.builtins
                0x00000000        0x0 c:/program files (x86)/atmel/studio/7.0/toolchain/avr8/avr8-gnu-toolchain/bin/../lib/gcc/avr/5.4.0/avr5\libgcc.a(_exit.o)
 .text.libgcc.fmul
                0x00000000        0x0 c:/program files (x86)/atmel/studio/7.0/toolchain/avr8/avr8-gnu-toolchain/bin/../lib/gcc/avr/5.4.0/avr5\libgcc.a(_exit.o)
 .text.libgcc.fixed
                0x00000000        0x0 c:/program files (x86)/atmel/studio/7.0/toolchain/avr8/avr8-gnu-toolchain/bin/../lib/gcc/avr/5.4.0/avr5\libgcc.a(_exit.o)
 .text          0x00000000        0x0 c:/program files (x86)/atmel/studio/7.0/toolchain/avr8/avr8-gnu-toolchain/bin/../lib/gcc/avr/5.4.0/avr5\libgcc.a(_copy_data.o)
 .data          0x00000000        0x0 c:/program files (x86)/atmel/studio/7.0/toolchain/avr8/avr8-gnu-toolchain/bin/../lib/gcc/avr/5.4.0/avr5\libgcc.a(_copy_data.o)
 .bss           0x00000000        0x0 c:/program files (x86)/atmel/studio/7.0/toolchain/avr8/avr8-gnu-toolchain/bin/../lib/gcc/avr/5.4.0/avr5\libgcc.a(_copy_data.o)
 .text.libgcc.mul
                0x00000000        0x0 c:/program files (x86)/atmel/studio/7.0/toolchain/avr8/avr8-gnu-toolchain/bin/../lib/gcc/avr/5.4.0/avr5\libgcc.a(_copy_data.o)
 .text.libgcc.div
                0x00000000        0x0 c:/program files (x86)/atmel/studio/7.0/toolchain/avr8/avr8-gnu-toolchain/bin/../lib/gcc/avr/5.4.0/avr5\libgcc.a(_copy_data.o)
 .text.libgcc   0x00000000        0x0 c:/program files (x86)/atmel/studio/7.0/toolchain/avr8/avr8-gnu-toolchain/bin/../lib/gcc/avr/5.4.0/avr5\libgcc.a(_copy_data.o)
 .text.libgcc.prologue
                0x00000000        0x0 c:/program files (x86)/atmel/studio/7.0/toolchain/avr8/avr8-gnu-toolchain/bin/../lib/gcc/avr/5.4.0/avr5\libgcc.a(_copy_data.o)
 .text.libgcc.builtins
                0x00000000        0x0 c:/program files (x86)/atmel/studio/7.0/toolchain/avr8/avr8-gnu-toolchain/bin/../lib/gcc/avr/5.4.0/avr5\libgcc.a(_copy_data.o)
 .text.libgcc.fmul
                0x00000000        0x0 c:/program files (x86)/atmel/studio/7.0/toolchain/avr8/avr8-gnu-toolchain/bin/../lib/gcc/avr/5.4.0/avr5\libgcc.a(_copy_data.o)
 .text.libgcc.fixed
                0x00000000        0x0 c:/program files (x86)/atmel/studio/7.0/toolchain/avr8/avr8-gnu-toolchain/bin/../lib/gcc/avr/5.4.0/avr5\libgcc.a(_copy_data.o)
 .text          0x00000000        0x0 c:/program files (x86)/atmel/studio/7.0/toolchain/avr8/avr8-gnu-toolchain/bin/../lib/gcc/avr/5.4.0/avr5\libgcc.a(_clear_bss.o)
 .data          0x00000000        0x0 c:/program files (x86)/atmel/studio/7.0/toolchain/avr8/avr8-gnu-toolchain/bin/../lib/gcc/avr/5.4.0/avr5\libgcc.a(_clear_bss.o)
 .bss           0x00000000        0x0 c:/program files (x86)/atmel/studio/7.0/toolchain/avr8/avr8-gnu-toolchain/bin/../lib/gcc/avr/5.4.0/avr5\libgcc.a(_clear_bss.o)
 .text.libgcc.mul
                0x00000000        0x0 c:/program files (x86)/atmel/studio/7.0/toolchain/avr8/avr8-gnu-toolchain/bin/../lib/gcc/avr/5.4.0/avr5\libgcc.a(_clear_bss.o)
 .text.libgcc.div
                0x00000000        0x0 c:/program files (x86)/atmel/studio/7.0/toolchain/avr8/avr8-gnu-toolchain/bin/../lib/gcc/avr/5.4.0/avr5\libgcc.a(_clear_bss.o)
 .text.libgcc   0x00000000        0x0 c:/program files (x86)/atmel/studio/7.0/toolchain/avr8/avr8-gnu-toolchain/bin/../lib/gcc/avr/5.4.0/avr5\libgcc.a(_clear_bss.o)
 .text.libgcc.prologue
                0x00000000        0x0 c:/program files (x86)/atmel/studio/7.0/toolchain/avr8/avr8-gnu-toolchain/bin/../lib/gcc/avr/5.4.0/avr5\libgcc.a(_clear_bss.o)
 .text.libgcc.builtins
                0x00000000        0x0 c:/program files (x86)/atmel/studio/7.0/toolchain/avr8/avr8-gnu-toolchain/bin/../lib/gcc/avr/5.4.0/avr5\libgcc.a(_clear_bss.o)
 .text.libgcc.fmul
                0x00000000        0x0 c:/program files (x86)/atmel/studio/7.0/toolchain/avr8/avr8-gnu-toolchain/bin/../lib/gcc/avr/5.4.0/avr5\libgcc.a(_clear_bss.o)
 .text.libgcc.fixed
                0x00000000        0x0 c:/program files (x86)/atmel/studio/7.0/toolchain/avr8/avr8-gnu-toolchain/bin/../lib/gcc/avr/5.4.0/avr5\libgcc.a(_clear_bss.o)
 .text          0x00000000        0x0 c:/program files (x86)/atmel/studio/7.0/toolchain/avr8/avr8-gnu-toolchain/bin/../lib/gcc/avr/5.4.0/avr5\libgcc.a(_usmulhisi3.o)
 .data          0x00000000        0x0 c:/program files (x86)/atmel/studio/7.0/toolchain/avr8/avr8-gnu-toolchain/bin/../lib/gcc/avr/5.4.0/avr5\libgcc.a(_usmulhisi3.o)
 .bss           0x00000000        0x0 c:/program files (x86)/atmel/studio/7.0/toolchain/avr8/avr8-gnu-toolchain/bin/../lib/gcc/avr/5.4.0/avr5\libgcc.a(_usmulhisi3.o)
 .text.libgcc.mul
                0x00000000        0xe c:/program files (x86)/atmel/studio/7.0/toolchain/avr8/avr8-gnu-toolchain/bin/../lib/gcc/avr/5.4.0/avr5\libgcc.a(_usmulhisi3.o)
 .text.libgcc.div
                0x00000000        0x0 c:/program files (x86)/atmel/studio/7.0/toolchain/avr8/avr8-gnu-toolchain/bin/../lib/gcc/avr/5.4.0/avr5\libgcc.a(_usmulhisi3.o)
 .text.libgcc   0x00000000        0x0 c:/program files (x86)/atmel/studio/7.0/toolchain/avr8/avr8-gnu-toolchain/bin/../lib/gcc/avr/5.4.0/avr5\libgcc.a(_usmulhisi3.o)
 .text.libgcc.prologue
                0x00000000        0x0 c:/program files (x86)/atmel/studio/7.0/toolchain/avr8/avr8-gnu-toolchain/bin/../lib/gcc/avr/5.4.0/avr5\libgcc.a(_usmulhisi3.o)
 .text.libgcc.builtins
                0x00000000        0x0 c:/program files (x86)/atmel/studio/7.0/toolchain/avr8/avr8-gnu-toolchain/bin/../lib/gcc/avr/5.4.0/avr5\libgcc.a(_usmulhisi3.o)
 .text.libgcc.fmul
                0x00000000        0x0 c:/program files (x86)/atmel/studio/7.0/toolchain/avr8/avr8-gnu-toolchain/bin/../lib/gcc/avr/5.4.0/avr5\libgcc.a(_usmulhisi3.o)
 .text.libgcc.fixed
                0x00000000        0x0 c:/program files (x86)/atmel/studio/7.0/toolchain/avr8/avr8-gnu-toolchain/bin/../lib/gcc/avr/5.4.0/avr5\libgcc.a(_usmulhisi3.o)
 .text          0x00000000        0x0 c:/program files (x86)/atmel/studio/7.0/toolchain/avr8/avr8-gnu-toolchain/bin/../lib/gcc/avr/5.4.0/avr5\libgcc.a(_udivmodhi4.o)
 .data          0x00000000        0x0 c:/program files (x86)/atmel/studio/7.0/toolchain/avr8/avr8-gnu-toolchain/bin/../lib/gcc/avr/5.4.0/avr5\libgcc.a(_udivmodhi4.o)
 .bss           0x00000000        0x0 c:/program files (x86)/atmel/studio/7.0/toolchain/avr8/avr8-gnu-toolchain/bin/../lib/gcc/avr/5.4.0/avr5\libgcc.a(_udivmodhi4.o)
 .text.libgcc.mul
                0x00000000        0x0 c:/program files (x86)/atmel/studio/7.0/toolchain/avr8/avr8-gnu-toolchain/bin/../lib/gcc/avr/5.4.0/avr5\libgcc.a(_udivmodhi4.o)
 .text.libgcc   0x00000000        0x0 c:/program files (x86)/atmel/studio/7.0/toolchain/avr8/avr8-gnu-toolchain/bin/../lib/gcc/avr/5.4.0/avr5\libgcc.a(_udivmodhi4.o)
 .text.libgcc.prologue
                0x00000000        0x0 c:/program files (x86)/atmel/studio/7.0/toolchain/avr8/avr8-gnu-toolchain/bin/../lib/gcc/avr/5.4.0/avr5\libgcc.a(_udivmodhi4.o)
 .text.libgcc.builtins
                0x00000000        0x0 c:/program files (x86)/atmel/studio/7.0/toolchain/avr8/avr8-gnu-toolchain/bin/../lib/gcc/avr/5.4.0/avr5\libgcc.a(_udivmodhi4.o)
 .text.libgcc.fmul
                0x00000000        0x0 c:/program files (x86)/atmel/studio/7.0/toolchain/avr8/avr8-gnu-toolchain/bin/../lib/gcc/avr/5.4.0/avr5\libgcc.a(_udivmodhi4.o)
 .text.libgcc.fixed
                0x00000000        0x0 c:/program files (x86)/atmel/studio/7.0/toolchain/avr8/avr8-gnu-toolchain/bin/../lib/gcc/avr/5.4.0/avr5\libgcc.a(_udivmodhi4.o)
 .text          0x00000000        0x0 c:/program files (x86)/atmel/studio/7.0/toolchain/avr8/avr8-gnu-toolchain/bin/../lib/gcc/avr/5.4.0/avr5\libgcc.a(_umulhisi3.o)
 .data          0x00000000        0x0 c:/program files (x86)/atmel/studio/7.0/toolchain/avr8/avr8-gnu-toolchain/bin/../lib/gcc/avr/5.4.0/avr5\libgcc.a(_umulhisi3.o)
 .bss           0x00000000        0x0 c:/program files (x86)/atmel/studio/7.0/toolchain/avr8/avr8-gnu-toolchain/bin/../lib/gcc/avr/5.4.0/avr5\libgcc.a(_umulhisi3.o)
 .text.libgcc.mul
                0x00000000       0x1e c:/program files (x86)/atmel/studio/7.0/toolchain/avr8/avr8-gnu-toolchain/bin/../lib/gcc/avr/5.4.0/avr5\libgcc.a(_umulhisi3.o)
 .text.libgcc.div
                0x00000000        0x0 c:/program files (x86)/atmel/studio/7.0/toolchain/avr8/avr8-gnu-toolchain/bin/../lib/gcc/avr/5.4.0/avr5\libgcc.a(_umulhisi3.o)
 .text.libgcc   0x00000000        0x0 c:/program files (x86)/atmel/studio/7.0/toolchain/avr8/avr8-gnu-toolchain/bin/../lib/gcc/avr/5.4.0/avr5\libgcc.a(_umulhisi3.o)
 .text.libgcc.prologue
                0x00000000        0x0 c:/program files (x86)/atmel/studio/7.0/toolchain/avr8/avr8-gnu-toolchain/bin/../lib/gcc/avr/5.4.0/avr5\libgcc.a(_umulhisi3.o)
 .text.libgcc.builtins
                0x00000000        0x0 c:/program files (x86)/atmel/studio/7.0/toolchain/avr8/avr8-gnu-toolchain/bin/../lib/gcc/avr/5.4.0/avr5\libgcc.a(_umulhisi3.o)
 .text.libgcc.fmul
                0x00000000        0x0 c:/program files (x86)/atmel/studio/7.0/toolchain/avr8/avr8-gnu-toolchain/bin/../lib/gcc/avr/5.4.0/avr5\libgcc.a(_umulhisi3.o)
 .text.libgcc.fixed
                0x00000000        0x0 c:/program files (x86)/atmel/studio/7.0/toolchain/avr8/avr8-gnu-toolchain/bin/../lib/gcc/avr/5.4.0/avr5\libgcc.a(_umulhisi3.o)
 .text          0x00000000        0x0 c:/program files (x86)/atmel/studio/7.0/toolchain/avr8/avr8-gnu-toolchain/bin/../lib/gcc/avr/5.4.0/../../../../avr/lib/avr5\libc.a(setjmp.o)
 .data          0x00000000        0x0 c:/program files (x86)/atmel/studio/7.0/toolchain/avr8/avr8-gnu-toolchain/bin/../lib/gcc/avr/5.4.0/../../../../avr/lib/avr5\libc.a(setjmp.o)
 .bss           0x00000000        0x0 c:/program files (x86)/atmel/studio/7.0/toolchain/avr8/avr8-gnu-toolchain/bin/../lib/gcc/avr/5.4.0/../../../../avr/lib/avr5\libc.a(setjmp.o)

Memory Configuration

Name             Origin             Length             Attributes
text             0x00000000         0x00004000         xr
data             0x00800100         0x00000400         rw !x
eeprom           0x00810000         0x00000200         rw !x
fuse             0x00820000         0x00000003         rw !x
lock             0x00830000         0x00000400         rw !x
signature        0x00840000         0x00000400         rw !x
user_signatures  0x00850000         0x00000400         rw !x
*default*        0x00000000         0xffffffff

Linker script and memory map

Address of section .data set to 0x800100
LOAD C:/Program Files (x86)/Atmel/Studio/7.0/Packs/atmel/ATmega_DFP/1.6.364/gcc/dev/atmega169p/avr5/crtatmega169p.o
LOAD Bridge.o
LOAD CarQueue.o
LOAD Controller.o
LOAD GUI.o
LOAD Inputhandler.o
LOAD main.o
LOAD PortWriter.o
LOAD TinyTimber.o
START GROUP
LOAD c:/program files (x86)/atmel/studio/7.0/toolchain/avr8/avr8-gnu-toolchain/bin/../lib/gcc/avr/5.4.0/../../../../avr/lib/avr5\libm.a
END GROUP
START GROUP
LOAD c:/program files (x86)/atmel/studio/7.0/toolchain/avr8/avr8-gnu-toolchain/bin/../lib/gcc/avr/5.4.0/avr5\libgcc.a
LOAD c:/program files (x86)/atmel/studio/7.0/toolchain/avr8/avr8-gnu-toolchain/bin/../lib/gcc/avr/5.4.0/../../../../avr/lib/avr5\libm.a
LOAD c:/program files (x86)/atmel/studio/7.0/toolchain/avr8/avr8-gnu-toolchain/bin/../lib/gcc/avr/5.4.0/../../../../avr/lib/avr5\libc.a
LOAD C:/Program Files (x86)/Atmel/Studio/7.0/Packs/atmel/ATmega_DFP/1.6.364/gcc/dev/atmega169p/avr5\libatmega169p.a
END GROUP
                0x00000000                __TEXT_REGION_ORIGIN__ = DEFINED (__TEXT_REGION_ORIGIN__)?__TEXT_REGION_ORIGIN__:0x0
                [0x00800100]                __DATA_REGION_ORIGIN__ = DEFINED (__DATA_REGION_ORIGIN__)?__DATA_REGION_ORIGIN__:0x800060
                [0x00004000]                __TEXT_REGION_LENGTH__ = DEFINED (__TEXT_REGION_LENGTH__)?__TEXT_REGION_LENGTH__:0x20000
                [0x00000400]                __DATA_REGION_LENGTH__ = DEFINED (__DATA_REGION_LENGTH__)?__DATA_REGION_LENGTH__:0xffa0
                [0x00000200]                __EEPROM_REGION_LENGTH__ = DEFINED (__EEPROM_REGION_LENGTH__)?__EEPROM_REGION_LENGTH__:0x10000
                [0x00000003]                __FUSE_REGION_LENGTH__ = DEFINED (__FUSE_REGION_LENGTH__)?__FUSE_REGION_LENGTH__:0x400
                0x00000400                __LOCK_REGION_LENGTH__ = DEFINED (__LOCK_REGION_LENGTH__)?__LOCK_REGION_LENGTH__:0x400
                0x00000400                __SIGNATURE_REGION_LENGTH__ = DEFINED (__SIGNATURE_REGION_LENGTH__)?__SIGNATURE_REGION_LENGTH__:0x400
                0x00000400                __USER_SIGNATURE_REGION_LENGTH__ = DEFINED (__USER_SIGNATURE_REGION_LENGTH__)?__USER_SIGNATURE_REGION_LENGTH__:0x400

.hash
 *(.hash)

.dynsym
 *(.dynsym)

.dynstr
 *(.dynstr)

.gnu.version
 *(.gnu.version)

.gnu.version_d
 *(.gnu.version_d)

.gnu.version_r
 *(.gnu.version_r)

.rel.init
 *(.rel.init)

.rela.init
 *(.rela.init)

.rel.text
 *(.rel.text)
 *(.rel.text.*)
 *(.rel.gnu.linkonce.t*)

.rela.text
 *(.rela.text)
 *(.rela.text.*)
 *(.rela.gnu.linkonce.t*)

.rel.fini
 *(.rel.fini)

.rela.fini
 *(.rela.fini)

.rel.rodata
 *(.rel.rodata)
 *(.rel.rodata.*)
 *(.rel.gnu.linkonce.r*)

.rela.rodata
 *(.rela.rodata)
 *(.rela.rodata.*)
 *(.rela.gnu.linkonce.r*)

.rel.data
 *(.rel.data)
 *(.rel.data.*)
 *(.rel.gnu.linkonce.d*)

.rela.data
 *(.rela.data)
 *(.rela.data.*)
 *(.rela.gnu.linkonce.d*)

.rel.ctors
 *(.rel.ctors)

.rela.ctors
 *(.rela.ctors)

.rel.dtors
 *(.rel.dtors)

.rela.dtors
 *(.rela.dtors)

.rel.got
 *(.rel.got)

.rela.got
 *(.rela.got)

.rel.bss
 *(.rel.bss)

.rela.bss
 *(.rela.bss)

.rel.plt
 *(.rel.plt)

.rela.plt
 *(.rela.plt)

.text           0x00000000     0x1c8c
 *(.vectors)
 .vectors       0x00000000       0x5c C:/Program Files (x86)/Atmel/Studio/7.0/Packs/atmel/ATmega_DFP/1.6.364/gcc/dev/atmega169p/avr5/crtatmega169p.o
                0x00000000                __vector_default
                0x00000000                __vectors
 *(.vectors)
 *(.progmem.gcc*)
                0x0000005c                . = ALIGN (0x2)
                0x0000005c                __trampolines_start = .
 *(.trampolines)
 .trampolines   0x0000005c        0x0 linker stubs
 *(.trampolines*)
                0x0000005c                __trampolines_end = .
 *libprintf_flt.a:*(.progmem.data)
 *libc.a:*(.progmem.data)
 *(.progmem*)
                0x0000005c                . = ALIGN (0x2)
 *(.jumptables)
 *(.jumptables*)
 *(.lowtext)
 *(.lowtext*)
                0x0000005c                __ctors_start = .
 *(.ctors)
                0x0000005c                __ctors_end = .
                0x0000005c                __dtors_start = .
 *(.dtors)
                0x0000005c                __dtors_end = .
 SORT(*)(.ctors)
 SORT(*)(.dtors)
 *(.init0)
 .init0         0x0000005c        0x0 C:/Program Files (x86)/Atmel/Studio/7.0/Packs/atmel/ATmega_DFP/1.6.364/gcc/dev/atmega169p/avr5/crtatmega169p.o
                0x0000005c                __init
 *(.init0)
 *(.init1)
 *(.init1)
 *(.init2)
 .init2         0x0000005c        0xc C:/Program Files (x86)/Atmel/Studio/7.0/Packs/atmel/ATmega_DFP/1.6.364/gcc/dev/atmega169p/avr5/crtatmega169p.o
 *(.init2)
 *(.init3)
 *(.init3)
 *(.init4)
 .init4         0x00000068       0x16 c:/program files (x86)/atmel/studio/7.0/toolchain/avr8/avr8-gnu-toolchain/bin/../lib/gcc/avr/5.4.0/avr5\libgcc.a(_copy_data.o)
                0x00000068                __do_copy_data
 .init4         0x0000007e       0x10 c:/program files (x86)/atmel/studio/7.0/toolchain/avr8/avr8-gnu-toolchain/bin/../lib/gcc/avr/5.4.0/avr5\libgcc.a(_clear_bss.o)
                0x0000007e                __do_clear_bss
 *(.init4)
 *(.init5)
 *(.init5)
 *(.init6)
 *(.init6)
 *(.init7)
 *(.init7)
 *(.init8)
 *(.init8)
 *(.init9)
 .init9         0x0000008e        0x8 C:/Program Files (x86)/Atmel/Studio/7.0/Packs/atmel/ATmega_DFP/1.6.364/gcc/dev/atmega169p/avr5/crtatmega169p.o
 *(.init9)
 *(.text)
 .text          0x00000096        0x4 C:/Program Files (x86)/Atmel/Studio/7.0/Packs/atmel/ATmega_DFP/1.6.364/gcc/dev/atmega169p/avr5/crtatmega169p.o
                0x00000096                __vector_6
                0x00000096                __vector_8
                0x00000096                __bad_interrupt
                0x0000009a                . = ALIGN (0x2)
 *(.text.*)
 .text.writeChar
                0x0000009a       0x76 GUI.o
                0x0000009a                writeChar
 .text.printAt  0x00000110       0x64 GUI.o
                0x00000110                printAt
 .text.init_program
                0x00000174       0xd0 GUI.o
                0x00000174                init_program
 .text.inputs   0x00000244       0x50 Inputhandler.o
                0x00000244                inputs
 .text.init_usart
                0x00000294       0x16 main.o
                0x00000294                init_usart
 .text.main     0x000002aa       0x32 main.o
                0x000002aa                main
 .text.writeToPort
                0x000002dc        0xe PortWriter.o
                0x000002dc                writeToPort
 .text.initialize
                0x000002ea      0x13e TinyTimber.o
 .text.dispatch
                0x00000428       0x40 TinyTimber.o
 .text.enqueueByDeadline
                0x00000468       0x62 TinyTimber.o
                0x00000468                enqueueByDeadline
 .text.enqueueByBaseline
                0x000004ca       0x62 TinyTimber.o
                0x000004ca                enqueueByBaseline
 .text.dequeue  0x0000052c       0x2e TinyTimber.o
                0x0000052c                dequeue
 .text.insert   0x0000055a       0x14 TinyTimber.o
                0x0000055a                insert
 .text.push     0x0000056e       0x14 TinyTimber.o
                0x0000056e                push
 .text.pop      0x00000582       0x14 TinyTimber.o
                0x00000582                pop
 .text.schedule
                0x00000596       0x68 TinyTimber.o
 .text.__vector_1
                0x000005fe       0xde TinyTimber.o
                0x000005fe                __vector_1
 .text.__vector_2
                0x000006dc       0xde TinyTimber.o
                0x000006dc                __vector_2
 .text.__vector_3
                0x000007ba       0xde TinyTimber.o
                0x000007ba                __vector_3
 .text.__vector_4
                0x00000898       0xde TinyTimber.o
                0x00000898                __vector_4
 .text.__vector_5
                0x00000976       0xde TinyTimber.o
                0x00000976                __vector_5
 .text.__vector_10
                0x00000a54       0xde TinyTimber.o
                0x00000a54                __vector_10
 .text.__vector_11
                0x00000b32       0xde TinyTimber.o
                0x00000b32                __vector_11
 .text.__vector_12
                0x00000c10       0xde TinyTimber.o
                0x00000c10                __vector_12
 .text.__vector_13
                0x00000cee       0xde TinyTimber.o
                0x00000cee                __vector_13
 .text.__vector_14
                0x00000dcc       0xde TinyTimber.o
                0x00000dcc                __vector_14
 .text.__vector_15
                0x00000eaa       0xde TinyTimber.o
                0x00000eaa                __vector_15
 .text.__vector_16
                0x00000f88       0xde TinyTimber.o
                0x00000f88                __vector_16
 .text.__vector_17
                0x00001066       0xde TinyTimber.o
                0x00001066                __vector_17
 .text.__vector_18
                0x00001144       0xde TinyTimber.o
                0x00001144                __vector_18
 .text.__vector_19
                0x00001222       0xde TinyTimber.o
                0x00001222                __vector_19
 .text.__vector_20
                0x00001300       0xde TinyTimber.o
                0x00001300                __vector_20
 .text.__vector_21
                0x000013de       0xde TinyTimber.o
                0x000013de                __vector_21
 .text.__vector_22
                0x000014bc       0xde TinyTimber.o
                0x000014bc                __vector_22
 .text.idle     0x0000159a        0xe TinyTimber.o
 .text.__vector_9
                0x000015a8       0xa4 TinyTimber.o
                0x000015a8                __vector_9
 .text.__vector_7
                0x0000164c      0x140 TinyTimber.o
                0x0000164c                __vector_7
 .text.async    0x0000178c      0x212 TinyTimber.o
                0x0000178c                async
 .text.sync     0x0000199e      0x104 TinyTimber.o
                0x0000199e                sync
 .text.run      0x00001aa2       0xb0 TinyTimber.o
 .text.install  0x00001b52       0x36 TinyTimber.o
                0x00001b52                install
 .text.tinytimber
                0x00001b88       0x2e TinyTimber.o
                0x00001b88                tinytimber
 .text.libgcc.div
                0x00001bb6       0x28 c:/program files (x86)/atmel/studio/7.0/toolchain/avr8/avr8-gnu-toolchain/bin/../lib/gcc/avr/5.4.0/avr5\libgcc.a(_divmodhi4.o)
                0x00001bb6                _div
                0x00001bb6                __divmodhi4
 .text.libgcc.div
                0x00001bde       0x28 c:/program files (x86)/atmel/studio/7.0/toolchain/avr8/avr8-gnu-toolchain/bin/../lib/gcc/avr/5.4.0/avr5\libgcc.a(_udivmodhi4.o)
                0x00001bde                __udivmodhi4
 .text.avr-libc
                0x00001c06       0x82 c:/program files (x86)/atmel/studio/7.0/toolchain/avr8/avr8-gnu-toolchain/bin/../lib/gcc/avr/5.4.0/../../../../avr/lib/avr5\libc.a(setjmp.o)
                0x00001c06                setjmp
                0x00001c46                longjmp
                0x00001c88                . = ALIGN (0x2)
 *(.fini9)
 .fini9         0x00001c88        0x0 c:/program files (x86)/atmel/studio/7.0/toolchain/avr8/avr8-gnu-toolchain/bin/../lib/gcc/avr/5.4.0/avr5\libgcc.a(_exit.o)
                0x00001c88                _exit
                0x00001c88                exit
 *(.fini9)
 *(.fini8)
 *(.fini8)
 *(.fini7)
 *(.fini7)
 *(.fini6)
 *(.fini6)
 *(.fini5)
 *(.fini5)
 *(.fini4)
 *(.fini4)
 *(.fini3)
 *(.fini3)
 *(.fini2)
 *(.fini2)
 *(.fini1)
 *(.fini1)
 *(.fini0)
 .fini0         0x00001c88        0x4 c:/program files (x86)/atmel/studio/7.0/toolchain/avr8/avr8-gnu-toolchain/bin/../lib/gcc/avr/5.4.0/avr5\libgcc.a(_exit.o)
 *(.fini0)
                0x00001c8c                _etext = .

.data           0x00800100       0x1c load address 0x00001c8c
                0x00800100                PROVIDE (__data_start, .)
 *(.data)
 *(.data*)
 .data.characters
                0x00800100       0x14 GUI.o
                0x00800100                characters
 .data.current  0x00800114        0x2 TinyTimber.o
                0x00800114                current
 .data.activeStack
                0x00800116        0x2 TinyTimber.o
                0x00800116                activeStack
 .data.threadPool
                0x00800118        0x2 TinyTimber.o
                0x00800118                threadPool
 .data.msgPool  0x0080011a        0x2 TinyTimber.o
                0x0080011a                msgPool
 *(.gnu.linkonce.d*)
 *(.rodata)
 *(.rodata*)
 *(.gnu.linkonce.r*)
                0x0080011c                . = ALIGN (0x2)
                0x0080011c                _edata = .
                0x0080011c                PROVIDE (__data_end, .)

.bss            0x0080011c      0x35b
                0x0080011c                PROVIDE (__bss_start, .)
 *(.bss)
 *(.bss*)
 .bss.writer    0x0080011c        0x4 main.o
                0x0080011c                writer
 .bss.gui       0x00800120        0x4 main.o
                0x00800120                gui
 .bss.overflows
                0x00800124        0x2 TinyTimber.o
                0x00800124                overflows
 .bss.timestamp
                0x00800126        0x4 TinyTimber.o
                0x00800126                timestamp
 .bss.timerQ    0x0080012a        0x2 TinyTimber.o
                0x0080012a                timerQ
 .bss.msgQ      0x0080012c        0x2 TinyTimber.o
                0x0080012c                msgQ
 *(COMMON)
 COMMON         0x0080012e      0x349 TinyTimber.o
                0x0080012e                otable
                0x00800152                threads
                0x008001c6                mtable
                0x008001ea                thread0
                0x00800207                messages
                0x008002f7                stacks
                0x00800477                PROVIDE (__bss_end, .)
                0x00001c8c                __data_load_start = LOADADDR (.data)
                0x00001ca8                __data_load_end = (__data_load_start + SIZEOF (.data))

.noinit         0x00800477        0x0
                [!provide]                PROVIDE (__noinit_start, .)
 *(.noinit*)
                [!provide]                PROVIDE (__noinit_end, .)
                0x00800477                _end = .
                [!provide]                PROVIDE (__heap_start, .)

.eeprom         0x00810000        0x0
 *(.eeprom*)
                0x00810000                __eeprom_end = .

.fuse
 *(.fuse)
 *(.lfuse)
 *(.hfuse)
 *(.efuse)

.lock
 *(.lock*)

.signature
 *(.signature*)

.user_signatures
 *(.user_signatures*)

.stab
 *(.stab)

.stabstr
 *(.stabstr)

.stab.excl
 *(.stab.excl)

.stab.exclstr
 *(.stab.exclstr)

.stab.index
 *(.stab.index)

.stab.indexstr
 *(.stab.indexstr)

.comment        0x00000000       0x30
 *(.comment)
 .comment       0x00000000       0x30 GUI.o
                                 0x31 (size before relaxing)
 .comment       0x00000030       0x31 Inputhandler.o
 .comment       0x00000030       0x31 main.o
 .comment       0x00000030       0x31 PortWriter.o
 .comment       0x00000030       0x31 TinyTimber.o

.note.gnu.avr.deviceinfo
                0x00000000       0x40
 .note.gnu.avr.deviceinfo
                0x00000000       0x40 C:/Program Files (x86)/Atmel/Studio/7.0/Packs/atmel/ATmega_DFP/1.6.364/gcc/dev/atmega169p/avr5/crtatmega169p.o

.note.gnu.build-id
 *(.note.gnu.build-id)

.debug
 *(.debug)

.line
 *(.line)

.debug_srcinfo
 *(.debug_srcinfo)

.debug_sfnames
 *(.debug_sfnames)

.debug_aranges  0x00000000      0x1f8
 *(.debug_aranges)
 .debug_aranges
                0x00000000       0x30 GUI.o
 .debug_aranges
                0x00000030       0x28 Inputhandler.o
 .debug_aranges
                0x00000058       0x28 main.o
 .debug_aranges
                0x00000080       0x20 PortWriter.o
 .debug_aranges
                0x000000a0      0x158 TinyTimber.o

.debug_pubnames
 *(.debug_pubnames)

.debug_info     0x00000000     0x24e0
 *(.debug_info .gnu.linkonce.wi.*)
 .debug_info    0x00000000      0x7b6 C:/Program Files (x86)/Atmel/Studio/7.0/Packs/atmel/ATmega_DFP/1.6.364/gcc/dev/atmega169p/avr5/crtatmega169p.o
 .debug_info    0x000007b6      0x318 GUI.o
 .debug_info    0x00000ace      0x2bc Inputhandler.o
 .debug_info    0x00000d8a      0x4d0 main.o
 .debug_info    0x0000125a      0x10e PortWriter.o
 .debug_info    0x00001368     0x1178 TinyTimber.o

.debug_abbrev   0x00000000      0xf47
 *(.debug_abbrev)
 .debug_abbrev  0x00000000      0x74b C:/Program Files (x86)/Atmel/Studio/7.0/Packs/atmel/ATmega_DFP/1.6.364/gcc/dev/atmega169p/avr5/crtatmega169p.o
 .debug_abbrev  0x0000074b      0x150 GUI.o
 .debug_abbrev  0x0000089b      0x120 Inputhandler.o
 .debug_abbrev  0x000009bb      0x155 main.o
 .debug_abbrev  0x00000b10       0x9f PortWriter.o
 .debug_abbrev  0x00000baf      0x398 TinyTimber.o

.debug_line     0x00000000     0x140b
 *(.debug_line .debug_line.* .debug_line_end)
 .debug_line    0x00000000      0x122 C:/Program Files (x86)/Atmel/Studio/7.0/Packs/atmel/ATmega_DFP/1.6.364/gcc/dev/atmega169p/avr5/crtatmega169p.o
 .debug_line    0x00000122      0x20b GUI.o
 .debug_line    0x0000032d      0x124 Inputhandler.o
 .debug_line    0x00000451      0x146 main.o
 .debug_line    0x00000597       0xcf PortWriter.o
 .debug_line    0x00000666      0xda5 TinyTimber.o

.debug_frame    0x00000000      0xb24
 *(.debug_frame)
 .debug_frame   0x00000000       0x88 GUI.o
 .debug_frame   0x00000088       0x74 Inputhandler.o
 .debug_frame   0x000000fc       0x34 main.o
 .debug_frame   0x00000130       0x24 PortWriter.o
 .debug_frame   0x00000154      0x9d0 TinyTimber.o

.debug_str      0x00000000      0x982
 *(.debug_str)
 .debug_str     0x00000000      0x2b3 C:/Program Files (x86)/Atmel/Studio/7.0/Packs/atmel/ATmega_DFP/1.6.364/gcc/dev/atmega169p/avr5/crtatmega169p.o
 .debug_str     0x000002b3      0x1d4 GUI.o
                                0x20d (size before relaxing)
 .debug_str     0x00000487       0x7b Inputhandler.o
                                0x222 (size before relaxing)
 .debug_str     0x00000502      0x1bf main.o
                                0x394 (size before relaxing)
 .debug_str     0x000006c1       0x1e PortWriter.o
                                0x1b5 (size before relaxing)
 .debug_str     0x000006df      0x2a3 TinyTimber.o
                                0x56a (size before relaxing)

.debug_loc      0x00000000     0x22f4
 *(.debug_loc)
 .debug_loc     0x00000000      0x2f1 GUI.o
 .debug_loc     0x000002f1      0x171 Inputhandler.o
 .debug_loc     0x00000462       0x26 main.o
 .debug_loc     0x00000488     0x1e6c TinyTimber.o

.debug_macinfo
 *(.debug_macinfo)

.debug_weaknames
 *(.debug_weaknames)

.debug_funcnames
 *(.debug_funcnames)

.debug_typenames
 *(.debug_typenames)

.debug_varnames
 *(.debug_varnames)

.debug_pubtypes
 *(.debug_pubtypes)

.debug_ranges   0x00000000      0x1a8
 *(.debug_ranges)
 .debug_ranges  0x00000000       0x20 GUI.o
 .debug_ranges  0x00000020       0x18 Inputhandler.o
 .debug_ranges  0x00000038       0x18 main.o
 .debug_ranges  0x00000050       0x10 PortWriter.o
 .debug_ranges  0x00000060      0x148 TinyTimber.o

.debug_macro
 *(.debug_macro)
OUTPUT(Labb5.elf elf32-avr)
LOAD linker stubs
